::1 - - [04/Apr/2022:22:14:48 +0000] "GET /api/locations HTTP/1.1" 304 - "http://localhost:3000/" "Mozilla/5.0 (Linux; Android 6.0; Nexus 5 Build/MRA58N) AppleWebKit/537.36 (KHTML, like Gecko) Chrome/99.0.4844.84 Mobile Safari/537.36"
::1 - - [04/Apr/2022:22:15:34 +0000] "GET /api/locations HTTP/1.1" 304 - "http://localhost:3000/" "Mozilla/5.0 (Linux; Android 6.0; Nexus 5 Build/MRA58N) AppleWebKit/537.36 (KHTML, like Gecko) Chrome/99.0.4844.84 Mobile Safari/537.36"
::1 - - [04/Apr/2022:22:16:18 +0000] "GET /api/bus/search?endLocation=624b62e41afea10cdcbafa0b&journeyDate=2022-04-07&startLocation=624b63081afea10cdcbafa10 HTTP/1.1" 304 - "http://localhost:3000/" "Mozilla/5.0 (Linux; Android 6.0; Nexus 5 Build/MRA58N) AppleWebKit/537.36 (KHTML, like Gecko) Chrome/99.0.4844.84 Mobile Safari/537.36"
::1 - - [04/Apr/2022:22:16:18 +0000] "GET /api/locations HTTP/1.1" 304 - "http://localhost:3000/" "Mozilla/5.0 (Linux; Android 6.0; Nexus 5 Build/MRA58N) AppleWebKit/537.36 (KHTML, like Gecko) Chrome/99.0.4844.84 Mobile Safari/537.36"
::1 - - [04/Apr/2022:22:16:18 +0000] "GET /api/travels HTTP/1.1" 304 - "http://localhost:3000/" "Mozilla/5.0 (Linux; Android 6.0; Nexus 5 Build/MRA58N) AppleWebKit/537.36 (KHTML, like Gecko) Chrome/99.0.4844.84 Mobile Safari/537.36"
::1 - - [04/Apr/2022:22:25:05 +0000] "GET /api/bus/search?endLocation=624b62e41afea10cdcbafa0b&journeyDate=2022-04-08&startLocation=624b63081afea10cdcbafa10 HTTP/1.1" 304 - "http://localhost:3000/" "Mozilla/5.0 (Linux; Android 6.0; Nexus 5 Build/MRA58N) AppleWebKit/537.36 (KHTML, like Gecko) Chrome/99.0.4844.84 Mobile Safari/537.36"
::1 - - [04/Apr/2022:22:27:10 +0000] "GET /api/bus/search?endLocation=624b62e41afea10cdcbafa0b&journeyDate=2022-04-07&startLocation=624b63081afea10cdcbafa10 HTTP/1.1" 200 594 "http://localhost:3000/" "Mozilla/5.0 (Linux; Android 6.0; Nexus 5 Build/MRA58N) AppleWebKit/537.36 (KHTML, like Gecko) Chrome/99.0.4844.84 Mobile Safari/537.36"
::ffff:127.0.0.1 - - [04/Apr/2022:22:32:18 +0000] "GET /api/bus/search?endLocation=624b62e41afea10cdcbafa0b&journeyDate=2022-04-07&startLocation=624b63081afea10cdcbafa10 HTTP/1.1" 200 2 "-" "node-fetch/1.0 (+https://github.com/bitinn/node-fetch)"
::1 - - [04/Apr/2022:22:32:28 +0000] "GET /api/travels HTTP/1.1" 304 - "http://localhost:3000/" "Mozilla/5.0 (Linux; Android 6.0; Nexus 5 Build/MRA58N) AppleWebKit/537.36 (KHTML, like Gecko) Chrome/99.0.4844.84 Mobile Safari/537.36"
::1 - - [04/Apr/2022:22:32:29 +0000] "GET /api/locations HTTP/1.1" 304 - "http://localhost:3000/" "Mozilla/5.0 (Linux; Android 6.0; Nexus 5 Build/MRA58N) AppleWebKit/537.36 (KHTML, like Gecko) Chrome/99.0.4844.84 Mobile Safari/537.36"
::1 - - [04/Apr/2022:22:33:34 +0000] "OPTIONS /api/auth-owner/signin HTTP/1.1" 204 0 "http://localhost:3006/" "Mozilla/5.0 (Windows NT 10.0; Win64; x64) AppleWebKit/537.36 (KHTML, like Gecko) Chrome/99.0.4844.84 Safari/537.36"
::1 - - [04/Apr/2022:22:33:35 +0000] "POST /api/auth-owner/signin HTTP/1.1" 200 349 "http://localhost:3006/" "Mozilla/5.0 (Windows NT 10.0; Win64; x64) AppleWebKit/537.36 (KHTML, like Gecko) Chrome/99.0.4844.84 Safari/537.36"
::1 - - [04/Apr/2022:22:33:36 +0000] "OPTIONS /api/bus/all-bus-available HTTP/1.1" 204 0 "http://localhost:3006/" "Mozilla/5.0 (Windows NT 10.0; Win64; x64) AppleWebKit/537.36 (KHTML, like Gecko) Chrome/99.0.4844.84 Safari/537.36"
::1 - - [04/Apr/2022:22:33:36 +0000] "OPTIONS /api/owners HTTP/1.1" 204 0 "http://localhost:3006/" "Mozilla/5.0 (Windows NT 10.0; Win64; x64) AppleWebKit/537.36 (KHTML, like Gecko) Chrome/99.0.4844.84 Safari/537.36"
::1 - - [04/Apr/2022:22:33:36 +0000] "OPTIONS /api/bus/owner-bus-available HTTP/1.1" 204 0 "http://localhost:3006/" "Mozilla/5.0 (Windows NT 10.0; Win64; x64) AppleWebKit/537.36 (KHTML, like Gecko) Chrome/99.0.4844.84 Safari/537.36"
::1 - - [04/Apr/2022:22:33:36 +0000] "OPTIONS /api/bookings/my HTTP/1.1" 204 0 "http://localhost:3006/" "Mozilla/5.0 (Windows NT 10.0; Win64; x64) AppleWebKit/537.36 (KHTML, like Gecko) Chrome/99.0.4844.84 Safari/537.36"
::1 - - [04/Apr/2022:22:33:36 +0000] "GET /api/uploads/null HTTP/1.1" 404 155 "http://localhost:3006/" "Mozilla/5.0 (Windows NT 10.0; Win64; x64) AppleWebKit/537.36 (KHTML, like Gecko) Chrome/99.0.4844.84 Safari/537.36"
::1 - - [04/Apr/2022:22:33:38 +0000] "GET /api/owners HTTP/1.1" 304 - "http://localhost:3006/" "Mozilla/5.0 (Windows NT 10.0; Win64; x64) AppleWebKit/537.36 (KHTML, like Gecko) Chrome/99.0.4844.84 Safari/537.36"
::1 - - [04/Apr/2022:22:33:38 +0000] "GET /api/bus/all-bus-available HTTP/1.1" 304 - "http://localhost:3006/" "Mozilla/5.0 (Windows NT 10.0; Win64; x64) AppleWebKit/537.36 (KHTML, like Gecko) Chrome/99.0.4844.84 Safari/537.36"
::1 - - [04/Apr/2022:22:33:38 +0000] "OPTIONS /api/guests HTTP/1.1" 204 0 "http://localhost:3006/" "Mozilla/5.0 (Windows NT 10.0; Win64; x64) AppleWebKit/537.36 (KHTML, like Gecko) Chrome/99.0.4844.84 Safari/537.36"
::1 - - [04/Apr/2022:22:33:38 +0000] "OPTIONS /api/bus/all-bus-unavailable HTTP/1.1" 204 0 "http://localhost:3006/" "Mozilla/5.0 (Windows NT 10.0; Win64; x64) AppleWebKit/537.36 (KHTML, like Gecko) Chrome/99.0.4844.84 Safari/537.36"
::1 - - [04/Apr/2022:22:33:39 +0000] "GET /api/bookings/my HTTP/1.1" 304 - "http://localhost:3006/" "Mozilla/5.0 (Windows NT 10.0; Win64; x64) AppleWebKit/537.36 (KHTML, like Gecko) Chrome/99.0.4844.84 Safari/537.36"
::1 - - [04/Apr/2022:22:33:39 +0000] "GET /api/bus/all-bus-unavailable HTTP/1.1" 304 - "http://localhost:3006/" "Mozilla/5.0 (Windows NT 10.0; Win64; x64) AppleWebKit/537.36 (KHTML, like Gecko) Chrome/99.0.4844.84 Safari/537.36"
::1 - - [04/Apr/2022:22:33:39 +0000] "GET /api/bus/owner-bus-available HTTP/1.1" 200 2 "http://localhost:3006/" "Mozilla/5.0 (Windows NT 10.0; Win64; x64) AppleWebKit/537.36 (KHTML, like Gecko) Chrome/99.0.4844.84 Safari/537.36"
::1 - - [04/Apr/2022:22:33:39 +0000] "GET /api/guests HTTP/1.1" 304 - "http://localhost:3006/" "Mozilla/5.0 (Windows NT 10.0; Win64; x64) AppleWebKit/537.36 (KHTML, like Gecko) Chrome/99.0.4844.84 Safari/537.36"
::1 - - [04/Apr/2022:22:33:39 +0000] "OPTIONS /api/users HTTP/1.1" 204 0 "http://localhost:3006/" "Mozilla/5.0 (Windows NT 10.0; Win64; x64) AppleWebKit/537.36 (KHTML, like Gecko) Chrome/99.0.4844.84 Safari/537.36"
::1 - - [04/Apr/2022:22:33:39 +0000] "OPTIONS /api/bus/owner-bus-unavailable HTTP/1.1" 204 0 "http://localhost:3006/" "Mozilla/5.0 (Windows NT 10.0; Win64; x64) AppleWebKit/537.36 (KHTML, like Gecko) Chrome/99.0.4844.84 Safari/537.36"
::1 - - [04/Apr/2022:22:33:40 +0000] "GET /api/users HTTP/1.1" 304 - "http://localhost:3006/" "Mozilla/5.0 (Windows NT 10.0; Win64; x64) AppleWebKit/537.36 (KHTML, like Gecko) Chrome/99.0.4844.84 Safari/537.36"
::1 - - [04/Apr/2022:22:33:40 +0000] "GET /api/bus/owner-bus-unavailable HTTP/1.1" 304 - "http://localhost:3006/" "Mozilla/5.0 (Windows NT 10.0; Win64; x64) AppleWebKit/537.36 (KHTML, like Gecko) Chrome/99.0.4844.84 Safari/537.36"
::1 - - [04/Apr/2022:22:33:41 +0000] "OPTIONS /api/locations HTTP/1.1" 204 0 "http://localhost:3006/" "Mozilla/5.0 (Windows NT 10.0; Win64; x64) AppleWebKit/537.36 (KHTML, like Gecko) Chrome/99.0.4844.84 Safari/537.36"
::1 - - [04/Apr/2022:22:33:41 +0000] "OPTIONS /api/travels HTTP/1.1" 204 0 "http://localhost:3006/" "Mozilla/5.0 (Windows NT 10.0; Win64; x64) AppleWebKit/537.36 (KHTML, like Gecko) Chrome/99.0.4844.84 Safari/537.36"
::1 - - [04/Apr/2022:22:33:41 +0000] "GET /api/uploads/null HTTP/1.1" 404 155 "http://localhost:3006/" "Mozilla/5.0 (Windows NT 10.0; Win64; x64) AppleWebKit/537.36 (KHTML, like Gecko) Chrome/99.0.4844.84 Safari/537.36"
::1 - - [04/Apr/2022:22:33:41 +0000] "GET /api/locations HTTP/1.1" 304 - "http://localhost:3006/" "Mozilla/5.0 (Windows NT 10.0; Win64; x64) AppleWebKit/537.36 (KHTML, like Gecko) Chrome/99.0.4844.84 Safari/537.36"
::1 - - [04/Apr/2022:22:33:41 +0000] "GET /api/travels HTTP/1.1" 304 - "http://localhost:3006/" "Mozilla/5.0 (Windows NT 10.0; Win64; x64) AppleWebKit/537.36 (KHTML, like Gecko) Chrome/99.0.4844.84 Safari/537.36"
::1 - - [04/Apr/2022:22:34:15 +0000] "GET /api/uploads/null HTTP/1.1" 404 155 "http://localhost:3006/" "Mozilla/5.0 (Windows NT 10.0; Win64; x64) AppleWebKit/537.36 (KHTML, like Gecko) Chrome/99.0.4844.84 Safari/537.36"
::1 - - [04/Apr/2022:22:34:55 +0000] "GET /api/uploads/null HTTP/1.1" 404 155 "http://localhost:3006/" "Mozilla/5.0 (Windows NT 10.0; Win64; x64) AppleWebKit/537.36 (KHTML, like Gecko) Chrome/99.0.4844.84 Safari/537.36"
::1 - - [04/Apr/2022:22:35:26 +0000] "GET /api/uploads/null HTTP/1.1" 404 155 "http://localhost:3006/" "Mozilla/5.0 (Windows NT 10.0; Win64; x64) AppleWebKit/537.36 (KHTML, like Gecko) Chrome/99.0.4844.84 Safari/537.36"
::1 - - [04/Apr/2022:22:35:27 +0000] "OPTIONS /api/bus HTTP/1.1" 204 0 "http://localhost:3006/" "Mozilla/5.0 (Windows NT 10.0; Win64; x64) AppleWebKit/537.36 (KHTML, like Gecko) Chrome/99.0.4844.84 Safari/537.36"
::1 - - [04/Apr/2022:22:35:29 +0000] "POST /api/bus HTTP/1.1" 200 660 "http://localhost:3006/" "Mozilla/5.0 (Windows NT 10.0; Win64; x64) AppleWebKit/537.36 (KHTML, like Gecko) Chrome/99.0.4844.84 Safari/537.36"
::1 - - [04/Apr/2022:22:35:29 +0000] "OPTIONS /api/bus/all-bus-available HTTP/1.1" 204 0 "http://localhost:3006/" "Mozilla/5.0 (Windows NT 10.0; Win64; x64) AppleWebKit/537.36 (KHTML, like Gecko) Chrome/99.0.4844.84 Safari/537.36"
::1 - - [04/Apr/2022:22:35:29 +0000] "OPTIONS /api/owners HTTP/1.1" 204 0 "http://localhost:3006/" "Mozilla/5.0 (Windows NT 10.0; Win64; x64) AppleWebKit/537.36 (KHTML, like Gecko) Chrome/99.0.4844.84 Safari/537.36"
::1 - - [04/Apr/2022:22:35:29 +0000] "OPTIONS /api/bus/owner-bus-available HTTP/1.1" 204 0 "http://localhost:3006/" "Mozilla/5.0 (Windows NT 10.0; Win64; x64) AppleWebKit/537.36 (KHTML, like Gecko) Chrome/99.0.4844.84 Safari/537.36"
::1 - - [04/Apr/2022:22:35:29 +0000] "OPTIONS /api/bookings/my HTTP/1.1" 204 0 "http://localhost:3006/" "Mozilla/5.0 (Windows NT 10.0; Win64; x64) AppleWebKit/537.36 (KHTML, like Gecko) Chrome/99.0.4844.84 Safari/537.36"
::1 - - [04/Apr/2022:22:35:29 +0000] "GET /api/uploads/null HTTP/1.1" 404 155 "http://localhost:3006/" "Mozilla/5.0 (Windows NT 10.0; Win64; x64) AppleWebKit/537.36 (KHTML, like Gecko) Chrome/99.0.4844.84 Safari/537.36"
::1 - - [04/Apr/2022:22:35:30 +0000] "GET /api/owners HTTP/1.1" 304 - "http://localhost:3006/" "Mozilla/5.0 (Windows NT 10.0; Win64; x64) AppleWebKit/537.36 (KHTML, like Gecko) Chrome/99.0.4844.84 Safari/537.36"
::1 - - [04/Apr/2022:22:35:30 +0000] "OPTIONS /api/guests HTTP/1.1" 204 0 "http://localhost:3006/" "Mozilla/5.0 (Windows NT 10.0; Win64; x64) AppleWebKit/537.36 (KHTML, like Gecko) Chrome/99.0.4844.84 Safari/537.36"
::1 - - [04/Apr/2022:22:35:30 +0000] "GET /api/bookings/my HTTP/1.1" 304 - "http://localhost:3006/" "Mozilla/5.0 (Windows NT 10.0; Win64; x64) AppleWebKit/537.36 (KHTML, like Gecko) Chrome/99.0.4844.84 Safari/537.36"
::1 - - [04/Apr/2022:22:35:30 +0000] "GET /api/bus/all-bus-available HTTP/1.1" 200 1801 "http://localhost:3006/" "Mozilla/5.0 (Windows NT 10.0; Win64; x64) AppleWebKit/537.36 (KHTML, like Gecko) Chrome/99.0.4844.84 Safari/537.36"
::1 - - [04/Apr/2022:22:35:30 +0000] "OPTIONS /api/bus/all-bus-unavailable HTTP/1.1" 204 0 "http://localhost:3006/" "Mozilla/5.0 (Windows NT 10.0; Win64; x64) AppleWebKit/537.36 (KHTML, like Gecko) Chrome/99.0.4844.84 Safari/537.36"
::1 - - [04/Apr/2022:22:35:31 +0000] "GET /api/bus/all-bus-unavailable HTTP/1.1" 304 - "http://localhost:3006/" "Mozilla/5.0 (Windows NT 10.0; Win64; x64) AppleWebKit/537.36 (KHTML, like Gecko) Chrome/99.0.4844.84 Safari/537.36"
::1 - - [04/Apr/2022:22:35:31 +0000] "GET /api/guests HTTP/1.1" 304 - "http://localhost:3006/" "Mozilla/5.0 (Windows NT 10.0; Win64; x64) AppleWebKit/537.36 (KHTML, like Gecko) Chrome/99.0.4844.84 Safari/537.36"
::1 - - [04/Apr/2022:22:35:31 +0000] "GET /api/bus/owner-bus-available HTTP/1.1" 200 564 "http://localhost:3006/" "Mozilla/5.0 (Windows NT 10.0; Win64; x64) AppleWebKit/537.36 (KHTML, like Gecko) Chrome/99.0.4844.84 Safari/537.36"
::1 - - [04/Apr/2022:22:35:31 +0000] "OPTIONS /api/users HTTP/1.1" 204 0 "http://localhost:3006/" "Mozilla/5.0 (Windows NT 10.0; Win64; x64) AppleWebKit/537.36 (KHTML, like Gecko) Chrome/99.0.4844.84 Safari/537.36"
::1 - - [04/Apr/2022:22:35:31 +0000] "OPTIONS /api/bus/owner-bus-unavailable HTTP/1.1" 204 0 "http://localhost:3006/" "Mozilla/5.0 (Windows NT 10.0; Win64; x64) AppleWebKit/537.36 (KHTML, like Gecko) Chrome/99.0.4844.84 Safari/537.36"
::1 - - [04/Apr/2022:22:35:31 +0000] "GET /api/users HTTP/1.1" 304 - "http://localhost:3006/" "Mozilla/5.0 (Windows NT 10.0; Win64; x64) AppleWebKit/537.36 (KHTML, like Gecko) Chrome/99.0.4844.84 Safari/537.36"
::1 - - [04/Apr/2022:22:35:31 +0000] "GET /api/bus/owner-bus-unavailable HTTP/1.1" 304 - "http://localhost:3006/" "Mozilla/5.0 (Windows NT 10.0; Win64; x64) AppleWebKit/537.36 (KHTML, like Gecko) Chrome/99.0.4844.84 Safari/537.36"
::1 - - [04/Apr/2022:22:35:48 +0000] "GET /api/bus/search?endLocation=624b62e41afea10cdcbafa0b&journeyDate=2022-04-09&startLocation=624b63081afea10cdcbafa10 HTTP/1.1" 200 2 "http://localhost:3000/" "Mozilla/5.0 (Windows NT 10.0; Win64; x64) AppleWebKit/537.36 (KHTML, like Gecko) Chrome/99.0.4844.84 Safari/537.36"
::ffff:127.0.0.1 - - [04/Apr/2022:22:35:54 +0000] "GET /api/bus/search?endLocation=624b62e41afea10cdcbafa0b&journeyDate=2022-04-09&startLocation=624b63081afea10cdcbafa10 HTTP/1.1" 200 2 "-" "node-fetch/1.0 (+https://github.com/bitinn/node-fetch)"
::1 - - [04/Apr/2022:22:35:59 +0000] "GET /api/locations HTTP/1.1" 304 - "http://localhost:3000/" "Mozilla/5.0 (Windows NT 10.0; Win64; x64) AppleWebKit/537.36 (KHTML, like Gecko) Chrome/99.0.4844.84 Safari/537.36"
::1 - - [04/Apr/2022:22:35:59 +0000] "GET /api/travels HTTP/1.1" 304 - "http://localhost:3000/" "Mozilla/5.0 (Windows NT 10.0; Win64; x64) AppleWebKit/537.36 (KHTML, like Gecko) Chrome/99.0.4844.84 Safari/537.36"
::1 - - [04/Apr/2022:22:36:04 +0000] "OPTIONS /api/bus/filter HTTP/1.1" 204 0 "http://localhost:3000/" "Mozilla/5.0 (Windows NT 10.0; Win64; x64) AppleWebKit/537.36 (KHTML, like Gecko) Chrome/99.0.4844.84 Safari/537.36"
::1 - - [04/Apr/2022:22:36:05 +0000] "POST /api/bus/filter HTTP/1.1" 200 2 "http://localhost:3000/" "Mozilla/5.0 (Windows NT 10.0; Win64; x64) AppleWebKit/537.36 (KHTML, like Gecko) Chrome/99.0.4844.84 Safari/537.36"
::1 - - [04/Apr/2022:22:36:06 +0000] "POST /api/bus/filter HTTP/1.1" 200 2 "http://localhost:3000/" "Mozilla/5.0 (Windows NT 10.0; Win64; x64) AppleWebKit/537.36 (KHTML, like Gecko) Chrome/99.0.4844.84 Safari/537.36"
::1 - - [04/Apr/2022:22:36:08 +0000] "POST /api/bus/filter HTTP/1.1" 200 2 "http://localhost:3000/" "Mozilla/5.0 (Windows NT 10.0; Win64; x64) AppleWebKit/537.36 (KHTML, like Gecko) Chrome/99.0.4844.84 Safari/537.36"
::1 - - [04/Apr/2022:22:36:10 +0000] "POST /api/bus/filter HTTP/1.1" 200 2 "http://localhost:3000/" "Mozilla/5.0 (Windows NT 10.0; Win64; x64) AppleWebKit/537.36 (KHTML, like Gecko) Chrome/99.0.4844.84 Safari/537.36"
::1 - - [04/Apr/2022:22:36:12 +0000] "OPTIONS /api/bus/filter HTTP/1.1" 204 0 "http://localhost:3000/" "Mozilla/5.0 (Windows NT 10.0; Win64; x64) AppleWebKit/537.36 (KHTML, like Gecko) Chrome/99.0.4844.84 Safari/537.36"
::1 - - [04/Apr/2022:22:36:12 +0000] "POST /api/bus/filter HTTP/1.1" 200 2 "http://localhost:3000/" "Mozilla/5.0 (Windows NT 10.0; Win64; x64) AppleWebKit/537.36 (KHTML, like Gecko) Chrome/99.0.4844.84 Safari/537.36"
::1 - - [04/Apr/2022:22:36:14 +0000] "POST /api/bus/filter HTTP/1.1" 200 2 "http://localhost:3000/" "Mozilla/5.0 (Windows NT 10.0; Win64; x64) AppleWebKit/537.36 (KHTML, like Gecko) Chrome/99.0.4844.84 Safari/537.36"
::1 - - [04/Apr/2022:22:36:26 +0000] "OPTIONS /api/bus/filter HTTP/1.1" 204 0 "http://localhost:3000/" "Mozilla/5.0 (Windows NT 10.0; Win64; x64) AppleWebKit/537.36 (KHTML, like Gecko) Chrome/99.0.4844.84 Safari/537.36"
::1 - - [04/Apr/2022:22:36:27 +0000] "POST /api/bus/filter HTTP/1.1" 200 2 "http://localhost:3000/" "Mozilla/5.0 (Windows NT 10.0; Win64; x64) AppleWebKit/537.36 (KHTML, like Gecko) Chrome/99.0.4844.84 Safari/537.36"
::1 - - [04/Apr/2022:22:36:28 +0000] "POST /api/bus/filter HTTP/1.1" 200 2 "http://localhost:3000/" "Mozilla/5.0 (Windows NT 10.0; Win64; x64) AppleWebKit/537.36 (KHTML, like Gecko) Chrome/99.0.4844.84 Safari/537.36"
::1 - - [04/Apr/2022:22:36:30 +0000] "POST /api/bus/filter HTTP/1.1" 200 2 "http://localhost:3000/" "Mozilla/5.0 (Windows NT 10.0; Win64; x64) AppleWebKit/537.36 (KHTML, like Gecko) Chrome/99.0.4844.84 Safari/537.36"
::1 - - [04/Apr/2022:22:36:31 +0000] "POST /api/bus/filter HTTP/1.1" 200 2 "http://localhost:3000/" "Mozilla/5.0 (Windows NT 10.0; Win64; x64) AppleWebKit/537.36 (KHTML, like Gecko) Chrome/99.0.4844.84 Safari/537.36"
::1 - - [04/Apr/2022:22:36:31 +0000] "OPTIONS /api/bus/filter HTTP/1.1" 204 0 "http://localhost:3000/" "Mozilla/5.0 (Windows NT 10.0; Win64; x64) AppleWebKit/537.36 (KHTML, like Gecko) Chrome/99.0.4844.84 Safari/537.36"
::1 - - [04/Apr/2022:22:36:32 +0000] "POST /api/bus/filter HTTP/1.1" 200 2 "http://localhost:3000/" "Mozilla/5.0 (Windows NT 10.0; Win64; x64) AppleWebKit/537.36 (KHTML, like Gecko) Chrome/99.0.4844.84 Safari/537.36"
::1 - - [04/Apr/2022:22:36:34 +0000] "POST /api/bus/filter HTTP/1.1" 200 2 "http://localhost:3000/" "Mozilla/5.0 (Windows NT 10.0; Win64; x64) AppleWebKit/537.36 (KHTML, like Gecko) Chrome/99.0.4844.84 Safari/537.36"
::1 - - [04/Apr/2022:22:36:35 +0000] "POST /api/bus/filter HTTP/1.1" 200 2 "http://localhost:3000/" "Mozilla/5.0 (Windows NT 10.0; Win64; x64) AppleWebKit/537.36 (KHTML, like Gecko) Chrome/99.0.4844.84 Safari/537.36"
::1 - - [04/Apr/2022:22:36:36 +0000] "POST /api/bus/filter HTTP/1.1" 200 2 "http://localhost:3000/" "Mozilla/5.0 (Windows NT 10.0; Win64; x64) AppleWebKit/537.36 (KHTML, like Gecko) Chrome/99.0.4844.84 Safari/537.36"
::1 - - [04/Apr/2022:22:36:38 +0000] "OPTIONS /api/bus/filter HTTP/1.1" 204 0 "http://localhost:3000/" "Mozilla/5.0 (Windows NT 10.0; Win64; x64) AppleWebKit/537.36 (KHTML, like Gecko) Chrome/99.0.4844.84 Safari/537.36"
::1 - - [04/Apr/2022:22:36:38 +0000] "POST /api/bus/filter HTTP/1.1" 200 2 "http://localhost:3000/" "Mozilla/5.0 (Windows NT 10.0; Win64; x64) AppleWebKit/537.36 (KHTML, like Gecko) Chrome/99.0.4844.84 Safari/537.36"
::1 - - [04/Apr/2022:22:36:39 +0000] "POST /api/bus/filter HTTP/1.1" 200 2 "http://localhost:3000/" "Mozilla/5.0 (Windows NT 10.0; Win64; x64) AppleWebKit/537.36 (KHTML, like Gecko) Chrome/99.0.4844.84 Safari/537.36"
::ffff:127.0.0.1 - - [04/Apr/2022:22:40:54 +0000] "GET /api/bus/search?endLocation=624b62e41afea10cdcbafa0b&journeyDate=2022-04-09&startLocation=624b63081afea10cdcbafa10 HTTP/1.1" 200 2 "-" "node-fetch/1.0 (+https://github.com/bitinn/node-fetch)"
::ffff:127.0.0.1 - - [04/Apr/2022:22:41:32 +0000] "GET /api/bus/search?endLocation=624b62e41afea10cdcbafa0b&journeyDate=2022-04-09&startLocation=624b63081afea10cdcbafa10 HTTP/1.1" 200 2 "-" "node-fetch/1.0 (+https://github.com/bitinn/node-fetch)"
::ffff:127.0.0.1 - - [04/Apr/2022:22:41:41 +0000] "GET /api/bus/search?endLocation=624b62e41afea10cdcbafa0b&journeyDate=2022-04-09&startLocation=624b63081afea10cdcbafa10 HTTP/1.1" 200 2 "-" "node-fetch/1.0 (+https://github.com/bitinn/node-fetch)"
::ffff:127.0.0.1 - - [04/Apr/2022:22:41:45 +0000] "GET /api/bus/search?endLocation=624b62e41afea10cdcbafa0b&journeyDate=2022-04-09&startLocation=624b63081afea10cdcbafa10 HTTP/1.1" 200 2 "-" "node-fetch/1.0 (+https://github.com/bitinn/node-fetch)"
::ffff:127.0.0.1 - - [04/Apr/2022:22:42:50 +0000] "GET /api/bus/search?endLocation=Mutare&journeyDate=2022-04-09&startLocation=Bulawayo HTTP/1.1" 500 25 "-" "node-fetch/1.0 (+https://github.com/bitinn/node-fetch)"
::ffff:127.0.0.1 - - [04/Apr/2022:22:43:03 +0000] "GET /api/bus/search?endLocation=Mutare&journeyDate=2022-04-08&startLocation=Bulawayo HTTP/1.1" 500 25 "-" "node-fetch/1.0 (+https://github.com/bitinn/node-fetch)"
::ffff:127.0.0.1 - - [04/Apr/2022:22:44:29 +0000] "GET /api/bus/search?endLocation=Mutare&journeyDate=2022-04-08&startLocation=Bulawayo HTTP/1.1" 500 25 "-" "node-fetch/1.0 (+https://github.com/bitinn/node-fetch)"
::1 - - [04/Apr/2022:22:44:34 +0000] "GET /api/locations HTTP/1.1" 304 - "http://localhost:3000/" "Mozilla/5.0 (Linux; Android 6.0; Nexus 5 Build/MRA58N) AppleWebKit/537.36 (KHTML, like Gecko) Chrome/99.0.4844.84 Mobile Safari/537.36"
::1 - - [04/Apr/2022:22:44:34 +0000] "GET /api/travels HTTP/1.1" 304 - "http://localhost:3000/" "Mozilla/5.0 (Linux; Android 6.0; Nexus 5 Build/MRA58N) AppleWebKit/537.36 (KHTML, like Gecko) Chrome/99.0.4844.84 Mobile Safari/537.36"
::ffff:127.0.0.1 - - [04/Apr/2022:22:44:59 +0000] "GET /api/bus/search?endLocation=Mutare&journeyDate=2022-04-08&startLocation=Bulawayo HTTP/1.1" 500 25 "-" "node-fetch/1.0 (+https://github.com/bitinn/node-fetch)"
::1 - - [04/Apr/2022:22:45:03 +0000] "GET /api/locations HTTP/1.1" 304 - "http://localhost:3000/" "Mozilla/5.0 (Linux; Android 6.0; Nexus 5 Build/MRA58N) AppleWebKit/537.36 (KHTML, like Gecko) Chrome/99.0.4844.84 Mobile Safari/537.36"
::1 - - [04/Apr/2022:22:45:03 +0000] "GET /api/travels HTTP/1.1" 304 - "http://localhost:3000/" "Mozilla/5.0 (Linux; Android 6.0; Nexus 5 Build/MRA58N) AppleWebKit/537.36 (KHTML, like Gecko) Chrome/99.0.4844.84 Mobile Safari/537.36"
::1 - - [04/Apr/2022:22:46:21 +0000] "GET /api/locations HTTP/1.1" 304 - "http://localhost:3000/" "Mozilla/5.0 (Windows NT 10.0; Win64; x64) AppleWebKit/537.36 (KHTML, like Gecko) Chrome/99.0.4844.84 Safari/537.36"
::1 - - [04/Apr/2022:22:48:19 +0000] "GET /api/locations HTTP/1.1" 304 - "http://localhost:3000/" "Mozilla/5.0 (Windows NT 10.0; Win64; x64) AppleWebKit/537.36 (KHTML, like Gecko) Chrome/99.0.4844.84 Safari/537.36"
::1 - - [04/Apr/2022:22:48:37 +0000] "GET /api/bus/search?endLocation=624b62e41afea10cdcbafa0b&journeyDate=2022-04-08&startLocation=624b63081afea10cdcbafa10 HTTP/1.1" 304 - "http://localhost:3000/" "Mozilla/5.0 (Windows NT 10.0; Win64; x64) AppleWebKit/537.36 (KHTML, like Gecko) Chrome/99.0.4844.84 Safari/537.36"
::1 - - [04/Apr/2022:22:48:38 +0000] "GET /api/locations HTTP/1.1" 304 - "http://localhost:3000/" "Mozilla/5.0 (Windows NT 10.0; Win64; x64) AppleWebKit/537.36 (KHTML, like Gecko) Chrome/99.0.4844.84 Safari/537.36"
::1 - - [04/Apr/2022:22:48:38 +0000] "GET /api/travels HTTP/1.1" 304 - "http://localhost:3000/" "Mozilla/5.0 (Windows NT 10.0; Win64; x64) AppleWebKit/537.36 (KHTML, like Gecko) Chrome/99.0.4844.84 Safari/537.36"
::1 - - [04/Apr/2022:22:48:51 +0000] "GET /api/bus/search?endLocation=624b63081afea10cdcbafa10&journeyDate=2022-04-08&startLocation=624b62e41afea10cdcbafa0b HTTP/1.1" 304 - "http://localhost:3000/" "Mozilla/5.0 (Windows NT 10.0; Win64; x64) AppleWebKit/537.36 (KHTML, like Gecko) Chrome/99.0.4844.84 Safari/537.36"
::ffff:127.0.0.1 - - [04/Apr/2022:22:49:47 +0000] "GET /api/bus/search?endLocation=624b63081afea10cdcbafa10&journeyDate=2022-04-08&startLocation=624b62e41afea10cdcbafa0b HTTP/1.1" 200 617 "-" "node-fetch/1.0 (+https://github.com/bitinn/node-fetch)"
::1 - - [04/Apr/2022:22:50:42 +0000] "GET /api/bus/search?endLocation=624b62e41afea10cdcbafa0b&journeyDate=2022-04-08&startLocation=624b63081afea10cdcbafa10 HTTP/1.1" 304 - "http://localhost:3000/" "Mozilla/5.0 (Windows NT 10.0; Win64; x64) AppleWebKit/537.36 (KHTML, like Gecko) Chrome/99.0.4844.84 Safari/537.36"
::1 - - [04/Apr/2022:22:50:43 +0000] "GET /api/locations HTTP/1.1" 304 - "http://localhost:3000/" "Mozilla/5.0 (Windows NT 10.0; Win64; x64) AppleWebKit/537.36 (KHTML, like Gecko) Chrome/99.0.4844.84 Safari/537.36"
::1 - - [04/Apr/2022:22:50:43 +0000] "GET /api/travels HTTP/1.1" 304 - "http://localhost:3000/" "Mozilla/5.0 (Windows NT 10.0; Win64; x64) AppleWebKit/537.36 (KHTML, like Gecko) Chrome/99.0.4844.84 Safari/537.36"
::1 - - [04/Apr/2022:22:52:32 +0000] "GET /api/travels HTTP/1.1" 304 - "http://localhost:3000/" "Mozilla/5.0 (Windows NT 10.0; Win64; x64) AppleWebKit/537.36 (KHTML, like Gecko) Chrome/99.0.4844.84 Safari/537.36"
::1 - - [04/Apr/2022:22:52:32 +0000] "GET /api/locations HTTP/1.1" 304 - "http://localhost:3000/" "Mozilla/5.0 (Windows NT 10.0; Win64; x64) AppleWebKit/537.36 (KHTML, like Gecko) Chrome/99.0.4844.84 Safari/537.36"
::ffff:127.0.0.1 - - [04/Apr/2022:22:52:32 +0000] "GET /api/bus/search?endLocation=624b62e41afea10cdcbafa0b&journeyDate=2022-04-08&startLocation=624b63081afea10cdcbafa10 HTTP/1.1" 200 2 "-" "node-fetch/1.0 (+https://github.com/bitinn/node-fetch)"
::1 - - [04/Apr/2022:22:52:36 +0000] "GET /api/locations HTTP/1.1" 304 - "http://localhost:3000/" "Mozilla/5.0 (Windows NT 10.0; Win64; x64) AppleWebKit/537.36 (KHTML, like Gecko) Chrome/99.0.4844.84 Safari/537.36"
::1 - - [04/Apr/2022:22:52:36 +0000] "GET /api/travels HTTP/1.1" 304 - "http://localhost:3000/" "Mozilla/5.0 (Windows NT 10.0; Win64; x64) AppleWebKit/537.36 (KHTML, like Gecko) Chrome/99.0.4844.84 Safari/537.36"
::1 - - [04/Apr/2022:22:53:49 +0000] "GET /api/travels HTTP/1.1" 304 - "http://localhost:3000/" "Mozilla/5.0 (Linux; Android 6.0; Nexus 5 Build/MRA58N) AppleWebKit/537.36 (KHTML, like Gecko) Chrome/99.0.4844.84 Mobile Safari/537.36"
::1 - - [04/Apr/2022:22:53:49 +0000] "GET /api/locations HTTP/1.1" 304 - "http://localhost:3000/" "Mozilla/5.0 (Linux; Android 6.0; Nexus 5 Build/MRA58N) AppleWebKit/537.36 (KHTML, like Gecko) Chrome/99.0.4844.84 Mobile Safari/537.36"
::ffff:127.0.0.1 - - [04/Apr/2022:22:53:52 +0000] "GET /api/bus/search?endLocation=624b62e41afea10cdcbafa0b&journeyDate=2022-04-08&startLocation=624b63081afea10cdcbafa10 HTTP/1.1" 200 2 "-" "node-fetch/1.0 (+https://github.com/bitinn/node-fetch)"
::1 - - [04/Apr/2022:22:53:58 +0000] "GET /api/locations HTTP/1.1" 304 - "http://localhost:3000/" "Mozilla/5.0 (Linux; Android 6.0; Nexus 5 Build/MRA58N) AppleWebKit/537.36 (KHTML, like Gecko) Chrome/99.0.4844.84 Mobile Safari/537.36"
::1 - - [04/Apr/2022:22:53:58 +0000] "GET /api/travels HTTP/1.1" 304 - "http://localhost:3000/" "Mozilla/5.0 (Linux; Android 6.0; Nexus 5 Build/MRA58N) AppleWebKit/537.36 (KHTML, like Gecko) Chrome/99.0.4844.84 Mobile Safari/537.36"
::1 - - [04/Apr/2022:22:54:22 +0000] "GET /api/locations HTTP/1.1" 304 - "http://localhost:3000/" "Mozilla/5.0 (Linux; Android 6.0; Nexus 5 Build/MRA58N) AppleWebKit/537.36 (KHTML, like Gecko) Chrome/99.0.4844.84 Mobile Safari/537.36"
::1 - - [04/Apr/2022:22:54:22 +0000] "GET /api/travels HTTP/1.1" 304 - "http://localhost:3000/" "Mozilla/5.0 (Linux; Android 6.0; Nexus 5 Build/MRA58N) AppleWebKit/537.36 (KHTML, like Gecko) Chrome/99.0.4844.84 Mobile Safari/537.36"
::1 - - [05/Apr/2022:14:44:30 +0000] "GET /api/locations HTTP/1.1" 304 - "http://localhost:3000/" "Mozilla/5.0 (Windows NT 10.0; Win64; x64) AppleWebKit/537.36 (KHTML, like Gecko) Chrome/99.0.4844.84 Safari/537.36"
::1 - - [05/Apr/2022:14:45:28 +0000] "GET /api/bus/search?endLocation=624b62e41afea10cdcbafa0b&journeyDate=2022-04-07&startLocation=624b63081afea10cdcbafa10 HTTP/1.1" 200 2 "http://localhost:3000/" "Mozilla/5.0 (Windows NT 10.0; Win64; x64) AppleWebKit/537.36 (KHTML, like Gecko) Chrome/99.0.4844.84 Safari/537.36"
::1 - - [05/Apr/2022:14:45:29 +0000] "GET /api/locations HTTP/1.1" 304 - "http://localhost:3000/" "Mozilla/5.0 (Windows NT 10.0; Win64; x64) AppleWebKit/537.36 (KHTML, like Gecko) Chrome/99.0.4844.84 Safari/537.36"
::1 - - [05/Apr/2022:14:45:32 +0000] "GET /api/travels HTTP/1.1" 304 - "http://localhost:3000/" "Mozilla/5.0 (Windows NT 10.0; Win64; x64) AppleWebKit/537.36 (KHTML, like Gecko) Chrome/99.0.4844.84 Safari/537.36"
::1 - - [05/Apr/2022:14:51:40 +0000] "GET /api/locations HTTP/1.1" 304 - "http://localhost:3000/" "Mozilla/5.0 (Linux; Android 6.0; Nexus 5 Build/MRA58N) AppleWebKit/537.36 (KHTML, like Gecko) Chrome/99.0.4844.84 Mobile Safari/537.36"
::1 - - [05/Apr/2022:14:51:40 +0000] "GET /api/travels HTTP/1.1" 304 - "http://localhost:3000/" "Mozilla/5.0 (Linux; Android 6.0; Nexus 5 Build/MRA58N) AppleWebKit/537.36 (KHTML, like Gecko) Chrome/99.0.4844.84 Mobile Safari/537.36"
::ffff:127.0.0.1 - - [05/Apr/2022:14:53:44 +0000] "GET /api/bus/search?endLocation=624b62e41afea10cdcbafa0b&journeyDate=2022-04-07&startLocation=624b63081afea10cdcbafa10 HTTP/1.1" 200 2 "-" "node-fetch/1.0 (+https://github.com/bitinn/node-fetch)"
::1 - - [05/Apr/2022:14:54:04 +0000] "GET /api/bus/search?endLocation=624b63081afea10cdcbafa10&journeyDate=2022-04-08&startLocation=624b62e41afea10cdcbafa0b HTTP/1.1" 304 - "http://localhost:3000/" "Mozilla/5.0 (Linux; Android 6.0; Nexus 5 Build/MRA58N) AppleWebKit/537.36 (KHTML, like Gecko) Chrome/99.0.4844.84 Mobile Safari/537.36"
::ffff:127.0.0.1 - - [05/Apr/2022:14:54:16 +0000] "GET /api/bus/search?endLocation=624b63081afea10cdcbafa10&journeyDate=2022-04-08&startLocation=624b62e41afea10cdcbafa0b HTTP/1.1" 200 617 "-" "node-fetch/1.0 (+https://github.com/bitinn/node-fetch)"
::1 - - [05/Apr/2022:14:54:27 +0000] "GET /api/locations HTTP/1.1" 304 - "http://localhost:3000/" "Mozilla/5.0 (Linux; Android 6.0; Nexus 5 Build/MRA58N) AppleWebKit/537.36 (KHTML, like Gecko) Chrome/99.0.4844.84 Mobile Safari/537.36"
::1 - - [05/Apr/2022:14:54:27 +0000] "GET /api/travels HTTP/1.1" 304 - "http://localhost:3000/" "Mozilla/5.0 (Linux; Android 6.0; Nexus 5 Build/MRA58N) AppleWebKit/537.36 (KHTML, like Gecko) Chrome/99.0.4844.84 Mobile Safari/537.36"
::1 - - [05/Apr/2022:14:56:58 +0000] "GET /buses?startLocation=624b62e41afea10cdcbafa0b&endLocation=624b63081afea10cdcbafa10&journeyDate=2022-04-08 HTTP/1.1" 404 144 "-" "Mozilla/5.0 (Linux; Android 6.0; Nexus 5 Build/MRA58N) AppleWebKit/537.36 (KHTML, like Gecko) Chrome/99.0.4844.84 Mobile Safari/537.36"
::1 - - [05/Apr/2022:14:57:18 +0000] "GET /buses?startLocation=624b62e41afea10cdcbafa0b&endLocation=624b63081afea10cdcbafa10&journeyDate=2022-04-07 HTTP/1.1" 404 144 "-" "Mozilla/5.0 (Linux; Android 6.0; Nexus 5 Build/MRA58N) AppleWebKit/537.36 (KHTML, like Gecko) Chrome/99.0.4844.84 Mobile Safari/537.36"
::1 - - [05/Apr/2022:14:57:25 +0000] "GET /buses?startLocation=624b62e41afea10cdcbafa0b&endLocation=624b63081afea10cdcbafa10&journeyDate=2022-04-09 HTTP/1.1" 404 144 "-" "Mozilla/5.0 (Linux; Android 6.0; Nexus 5 Build/MRA58N) AppleWebKit/537.36 (KHTML, like Gecko) Chrome/99.0.4844.84 Mobile Safari/537.36"
::ffff:127.0.0.1 - - [05/Apr/2022:14:58:22 +0000] "GET /api/bus/search?endLocation=624b63081afea10cdcbafa10&journeyDate=2022-04-08&startLocation=624b62e41afea10cdcbafa0b HTTP/1.1" 200 617 "-" "node-fetch/1.0 (+https://github.com/bitinn/node-fetch)"
::1 - - [05/Apr/2022:14:58:30 +0000] "GET /api/locations HTTP/1.1" 304 - "http://localhost:3000/" "Mozilla/5.0 (Linux; Android 6.0; Nexus 5 Build/MRA58N) AppleWebKit/537.36 (KHTML, like Gecko) Chrome/99.0.4844.84 Mobile Safari/537.36"
::1 - - [05/Apr/2022:14:58:30 +0000] "GET /api/travels HTTP/1.1" 304 - "http://localhost:3000/" "Mozilla/5.0 (Linux; Android 6.0; Nexus 5 Build/MRA58N) AppleWebKit/537.36 (KHTML, like Gecko) Chrome/99.0.4844.84 Mobile Safari/537.36"
::1 - - [05/Apr/2022:14:58:44 +0000] "GET /api/locations HTTP/1.1" 304 - "http://localhost:3000/" "Mozilla/5.0 (Linux; Android 6.0; Nexus 5 Build/MRA58N) AppleWebKit/537.36 (KHTML, like Gecko) Chrome/99.0.4844.84 Mobile Safari/537.36"
::1 - - [05/Apr/2022:14:58:50 +0000] "GET /api/locations HTTP/1.1" 304 - "http://localhost:3000/" "Mozilla/5.0 (Linux; Android 6.0; Nexus 5 Build/MRA58N) AppleWebKit/537.36 (KHTML, like Gecko) Chrome/99.0.4844.84 Mobile Safari/537.36"
::1 - - [05/Apr/2022:14:59:13 +0000] "GET /api/bus/search?endLocation=624b62e41afea10cdcbafa0b&journeyDate=2022-04-07&startLocation=624b63081afea10cdcbafa10 HTTP/1.1" 304 - "http://localhost:3000/" "Mozilla/5.0 (Linux; Android 6.0; Nexus 5 Build/MRA58N) AppleWebKit/537.36 (KHTML, like Gecko) Chrome/99.0.4844.84 Mobile Safari/537.36"
::1 - - [05/Apr/2022:14:59:14 +0000] "GET /api/travels HTTP/1.1" 304 - "http://localhost:3000/" "Mozilla/5.0 (Linux; Android 6.0; Nexus 5 Build/MRA58N) AppleWebKit/537.36 (KHTML, like Gecko) Chrome/99.0.4844.84 Mobile Safari/537.36"
::1 - - [05/Apr/2022:14:59:14 +0000] "GET /api/locations HTTP/1.1" 304 - "http://localhost:3000/" "Mozilla/5.0 (Linux; Android 6.0; Nexus 5 Build/MRA58N) AppleWebKit/537.36 (KHTML, like Gecko) Chrome/99.0.4844.84 Mobile Safari/537.36"
::1 - - [05/Apr/2022:15:01:32 +0000] "GET /api/bus/search?endLocation=624b62e41afea10cdcbafa0b&journeyDate=2022-04-07&startLocation=624b63081afea10cdcbafa10 HTTP/1.1" 304 - "http://localhost:3000/" "Mozilla/5.0 (Linux; Android 6.0; Nexus 5 Build/MRA58N) AppleWebKit/537.36 (KHTML, like Gecko) Chrome/99.0.4844.84 Mobile Safari/537.36"
::1 - - [05/Apr/2022:15:29:38 +0000] "GET /api/bus/search?endLocation=624b62e41afea10cdcbafa0b&journeyDate=2022-04-08&startLocation=624b63081afea10cdcbafa10 HTTP/1.1" 304 - "http://localhost:3000/" "Mozilla/5.0 (Linux; Android 6.0; Nexus 5 Build/MRA58N) AppleWebKit/537.36 (KHTML, like Gecko) Chrome/99.0.4844.84 Mobile Safari/537.36"
::1 - - [05/Apr/2022:15:53:28 +0000] "GET /api/bus/search?endLocation=624b62e41afea10cdcbafa0b&journeyDate=2022-04-08&startLocation=624b63081afea10cdcbafa10 HTTP/1.1" 400 12 "http://localhost:3000/" "Mozilla/5.0 (Linux; Android 6.0; Nexus 5 Build/MRA58N) AppleWebKit/537.36 (KHTML, like Gecko) Chrome/99.0.4844.84 Mobile Safari/537.36"
::1 - - [05/Apr/2022:15:54:33 +0000] "GET /api/bus/search?endLocation=624b62e41afea10cdcbafa0b&journeyDate=2022-04-08&startLocation=624b63081afea10cdcbafa10 HTTP/1.1" 400 12 "http://localhost:3000/" "Mozilla/5.0 (Linux; Android 6.0; Nexus 5 Build/MRA58N) AppleWebKit/537.36 (KHTML, like Gecko) Chrome/99.0.4844.84 Mobile Safari/537.36"
::1 - - [05/Apr/2022:15:54:49 +0000] "OPTIONS /api/bus/filter HTTP/1.1" 204 0 "http://localhost:3000/" "Mozilla/5.0 (Linux; Android 6.0; Nexus 5 Build/MRA58N) AppleWebKit/537.36 (KHTML, like Gecko) Chrome/99.0.4844.84 Mobile Safari/537.36"
::1 - - [05/Apr/2022:15:54:50 +0000] "POST /api/bus/filter HTTP/1.1" 200 2 "http://localhost:3000/" "Mozilla/5.0 (Linux; Android 6.0; Nexus 5 Build/MRA58N) AppleWebKit/537.36 (KHTML, like Gecko) Chrome/99.0.4844.84 Mobile Safari/537.36"
::1 - - [05/Apr/2022:15:54:55 +0000] "OPTIONS /api/bus/filter HTTP/1.1" 204 0 "http://localhost:3000/" "Mozilla/5.0 (Linux; Android 6.0; Nexus 5 Build/MRA58N) AppleWebKit/537.36 (KHTML, like Gecko) Chrome/99.0.4844.84 Mobile Safari/537.36"
::1 - - [05/Apr/2022:15:54:55 +0000] "POST /api/bus/filter HTTP/1.1" 200 2 "http://localhost:3000/" "Mozilla/5.0 (Linux; Android 6.0; Nexus 5 Build/MRA58N) AppleWebKit/537.36 (KHTML, like Gecko) Chrome/99.0.4844.84 Mobile Safari/537.36"
::1 - - [05/Apr/2022:15:54:59 +0000] "POST /api/bus/filter HTTP/1.1" 200 2 "http://localhost:3000/" "Mozilla/5.0 (Linux; Android 6.0; Nexus 5 Build/MRA58N) AppleWebKit/537.36 (KHTML, like Gecko) Chrome/99.0.4844.84 Mobile Safari/537.36"
::1 - - [05/Apr/2022:15:55:00 +0000] "OPTIONS /api/bus/filter HTTP/1.1" 204 0 "http://localhost:3000/" "Mozilla/5.0 (Linux; Android 6.0; Nexus 5 Build/MRA58N) AppleWebKit/537.36 (KHTML, like Gecko) Chrome/99.0.4844.84 Mobile Safari/537.36"
::1 - - [05/Apr/2022:15:55:01 +0000] "POST /api/bus/filter HTTP/1.1" 200 2 "http://localhost:3000/" "Mozilla/5.0 (Linux; Android 6.0; Nexus 5 Build/MRA58N) AppleWebKit/537.36 (KHTML, like Gecko) Chrome/99.0.4844.84 Mobile Safari/537.36"
::1 - - [05/Apr/2022:15:55:01 +0000] "POST /api/bus/filter HTTP/1.1" 200 2 "http://localhost:3000/" "Mozilla/5.0 (Linux; Android 6.0; Nexus 5 Build/MRA58N) AppleWebKit/537.36 (KHTML, like Gecko) Chrome/99.0.4844.84 Mobile Safari/537.36"
::1 - - [05/Apr/2022:15:55:03 +0000] "POST /api/bus/filter HTTP/1.1" 200 2 "http://localhost:3000/" "Mozilla/5.0 (Linux; Android 6.0; Nexus 5 Build/MRA58N) AppleWebKit/537.36 (KHTML, like Gecko) Chrome/99.0.4844.84 Mobile Safari/537.36"
::1 - - [05/Apr/2022:15:55:05 +0000] "GET /api/bus/search?endLocation=624b62e41afea10cdcbafa0b&journeyDate=2022-04-08&startLocation=624b63081afea10cdcbafa10 HTTP/1.1" 400 12 "http://localhost:3000/" "Mozilla/5.0 (Linux; Android 6.0; Nexus 5 Build/MRA58N) AppleWebKit/537.36 (KHTML, like Gecko) Chrome/99.0.4844.84 Mobile Safari/537.36"
::1 - - [05/Apr/2022:15:56:19 +0000] "GET /api/bus/search?endLocation=624b62e41afea10cdcbafa0b&journeyDate=2022-04-08&startLocation=624b63081afea10cdcbafa10 HTTP/1.1" 200 6 "http://localhost:3000/" "Mozilla/5.0 (Linux; Android 6.0; Nexus 5 Build/MRA58N) AppleWebKit/537.36 (KHTML, like Gecko) Chrome/99.0.4844.84 Mobile Safari/537.36"
::ffff:127.0.0.1 - - [05/Apr/2022:15:57:33 +0000] "GET /api/bus/search?endLocation=624b62e41afea10cdcbafa0b&journeyDate=2022-04-08&startLocation=624b63081afea10cdcbafa10 HTTP/1.1" 200 6 "-" "node-fetch/1.0 (+https://github.com/bitinn/node-fetch)"
::ffff:127.0.0.1 - - [05/Apr/2022:15:58:49 +0000] "GET /api/bus/search?endLocation=624b62e41afea10cdcbafa0b&journeyDate=2022-04-08&startLocation=624b63081afea10cdcbafa10 HTTP/1.1" 200 6 "-" "node-fetch/1.0 (+https://github.com/bitinn/node-fetch)"
::ffff:127.0.0.1 - - [05/Apr/2022:16:00:04 +0000] "GET /api/bus/search?endLocation=624b62e41afea10cdcbafa0b&journeyDate=2022-04-08&startLocation=624b63081afea10cdcbafa10 HTTP/1.1" 200 6 "-" "node-fetch/1.0 (+https://github.com/bitinn/node-fetch)"
::ffff:127.0.0.1 - - [05/Apr/2022:16:00:13 +0000] "GET /api/bus/search?endLocation=624b62e41afea10cdcbafa0b&journeyDate=2022-04-08&startLocation=624b63081afea10cdcbafa10 HTTP/1.1" 200 6 "-" "node-fetch/1.0 (+https://github.com/bitinn/node-fetch)"
::ffff:127.0.0.1 - - [05/Apr/2022:16:01:14 +0000] "GET /api/bus/search?endLocation=624b62e41afea10cdcbafa0b&journeyDate=2022-04-08&startLocation=624b63081afea10cdcbafa10 HTTP/1.1" 200 6 "-" "node-fetch/1.0 (+https://github.com/bitinn/node-fetch)"
::ffff:127.0.0.1 - - [05/Apr/2022:16:02:26 +0000] "GET /api/bus/search?endLocation=624b62e41afea10cdcbafa0b&journeyDate=2022-04-08&startLocation=624b63081afea10cdcbafa10 HTTP/1.1" 200 6 "-" "node-fetch/1.0 (+https://github.com/bitinn/node-fetch)"
::ffff:127.0.0.1 - - [05/Apr/2022:16:03:38 +0000] "GET /api/bus/search?endLocation=624b62e41afea10cdcbafa0b&journeyDate=2022-04-08&startLocation=624b63081afea10cdcbafa10 HTTP/1.1" 200 6 "-" "node-fetch/1.0 (+https://github.com/bitinn/node-fetch)"
::ffff:127.0.0.1 - - [05/Apr/2022:16:03:45 +0000] "GET /api/bus/search?endLocation=624b62e41afea10cdcbafa0b&journeyDate=2022-04-08&startLocation=624b63081afea10cdcbafa10 HTTP/1.1" 200 6 "-" "node-fetch/1.0 (+https://github.com/bitinn/node-fetch)"
::ffff:127.0.0.1 - - [05/Apr/2022:16:04:48 +0000] "GET /api/bus/search?endLocation=624b62e41afea10cdcbafa0b&journeyDate=2022-04-08&startLocation=624b63081afea10cdcbafa10 HTTP/1.1" 200 6 "-" "node-fetch/1.0 (+https://github.com/bitinn/node-fetch)"
::1 - - [05/Apr/2022:17:53:10 +0000] "GET /api/locations HTTP/1.1" 304 - "http://localhost:3000/" "Mozilla/5.0 (Windows NT 10.0; Win64; x64) AppleWebKit/537.36 (KHTML, like Gecko) Chrome/99.0.4844.84 Safari/537.36"
::1 - - [05/Apr/2022:17:55:54 +0000] "GET /api/bus/search?endLocation=624b62e41afea10cdcbafa0b&journeyDate=2022-04-07&startLocation=624b63081afea10cdcbafa10 HTTP/1.1" 400 12 "http://localhost:3000/" "Mozilla/5.0 (Linux; Android 6.0; Nexus 5 Build/MRA58N) AppleWebKit/537.36 (KHTML, like Gecko) Chrome/99.0.4844.84 Mobile Safari/537.36"
::1 - - [05/Apr/2022:17:55:55 +0000] "GET /api/travels HTTP/1.1" 304 - "http://localhost:3000/" "Mozilla/5.0 (Linux; Android 6.0; Nexus 5 Build/MRA58N) AppleWebKit/537.36 (KHTML, like Gecko) Chrome/99.0.4844.84 Mobile Safari/537.36"
::1 - - [05/Apr/2022:17:55:57 +0000] "GET /api/locations HTTP/1.1" 304 - "http://localhost:3000/" "Mozilla/5.0 (Linux; Android 6.0; Nexus 5 Build/MRA58N) AppleWebKit/537.36 (KHTML, like Gecko) Chrome/99.0.4844.84 Mobile Safari/537.36"
::1 - - [05/Apr/2022:18:01:14 +0000] "GET /api/bus/search?endLocation=624b62e41afea10cdcbafa0b&journeyDate=2022-04-07&startLocation=624b63081afea10cdcbafa10 HTTP/1.1" 200 570 "http://localhost:3000/" "Mozilla/5.0 (Linux; Android 6.0; Nexus 5 Build/MRA58N) AppleWebKit/537.36 (KHTML, like Gecko) Chrome/99.0.4844.84 Mobile Safari/537.36"
::1 - - [05/Apr/2022:18:04:27 +0000] "GET /api/travels HTTP/1.1" 304 - "http://localhost:3000/" "Mozilla/5.0 (Linux; Android 6.0; Nexus 5 Build/MRA58N) AppleWebKit/537.36 (KHTML, like Gecko) Chrome/99.0.4844.84 Mobile Safari/537.36"
::1 - - [05/Apr/2022:18:04:27 +0000] "GET /uploads/busimage/resized/image-1649107882356.jpeg HTTP/1.1" 200 166179 "http://localhost:3000/" "Mozilla/5.0 (Linux; Android 6.0; Nexus 5 Build/MRA58N) AppleWebKit/537.36 (KHTML, like Gecko) Chrome/99.0.4844.84 Mobile Safari/537.36"
::1 - - [05/Apr/2022:18:04:30 +0000] "GET /api/locations HTTP/1.1" 304 - "http://localhost:3000/" "Mozilla/5.0 (Linux; Android 6.0; Nexus 5 Build/MRA58N) AppleWebKit/537.36 (KHTML, like Gecko) Chrome/99.0.4844.84 Mobile Safari/537.36"
::ffff:127.0.0.1 - - [05/Apr/2022:18:04:32 +0000] "GET /api/bus/search?endLocation=624b62e41afea10cdcbafa0b&journeyDate=2022-04-07&startLocation=624b63081afea10cdcbafa10 HTTP/1.1" 200 570 "-" "node-fetch/1.0 (+https://github.com/bitinn/node-fetch)"
::1 - - [05/Apr/2022:18:04:43 +0000] "GET /uploads/busimage/resized/image-1649107882356.jpeg HTTP/1.1" 304 - "http://localhost:3000/" "Mozilla/5.0 (Linux; Android 6.0; Nexus 5 Build/MRA58N) AppleWebKit/537.36 (KHTML, like Gecko) Chrome/99.0.4844.84 Mobile Safari/537.36"
::1 - - [05/Apr/2022:18:04:45 +0000] "GET /api/travels HTTP/1.1" 304 - "http://localhost:3000/" "Mozilla/5.0 (Linux; Android 6.0; Nexus 5 Build/MRA58N) AppleWebKit/537.36 (KHTML, like Gecko) Chrome/99.0.4844.84 Mobile Safari/537.36"
::1 - - [05/Apr/2022:18:04:45 +0000] "GET /api/locations HTTP/1.1" 304 - "http://localhost:3000/" "Mozilla/5.0 (Linux; Android 6.0; Nexus 5 Build/MRA58N) AppleWebKit/537.36 (KHTML, like Gecko) Chrome/99.0.4844.84 Mobile Safari/537.36"
::1 - - [05/Apr/2022:18:05:38 +0000] "GET /api/locations HTTP/1.1" 304 - "http://localhost:3000/" "Mozilla/5.0 (Windows NT 10.0; Win64; x64) AppleWebKit/537.36 (KHTML, like Gecko) Chrome/99.0.4844.84 Safari/537.36"
::1 - - [05/Apr/2022:18:06:13 +0000] "GET /api/bus/search?endLocation=624b62e41afea10cdcbafa0b&journeyDate=2022-04-07&startLocation=624b63081afea10cdcbafa10 HTTP/1.1" 304 - "http://localhost:3000/" "Mozilla/5.0 (Linux; Android 6.0; Nexus 5 Build/MRA58N) AppleWebKit/537.36 (KHTML, like Gecko) Chrome/99.0.4844.84 Mobile Safari/537.36"
::1 - - [05/Apr/2022:18:06:14 +0000] "GET /api/locations HTTP/1.1" 304 - "http://localhost:3000/" "Mozilla/5.0 (Linux; Android 6.0; Nexus 5 Build/MRA58N) AppleWebKit/537.36 (KHTML, like Gecko) Chrome/99.0.4844.84 Mobile Safari/537.36"
::1 - - [05/Apr/2022:18:06:14 +0000] "GET /api/travels HTTP/1.1" 304 - "http://localhost:3000/" "Mozilla/5.0 (Linux; Android 6.0; Nexus 5 Build/MRA58N) AppleWebKit/537.36 (KHTML, like Gecko) Chrome/99.0.4844.84 Mobile Safari/537.36"
::1 - - [05/Apr/2022:18:06:15 +0000] "GET /uploads/busimage/resized/image-1649107882356.jpeg HTTP/1.1" 304 - "http://localhost:3000/" "Mozilla/5.0 (Linux; Android 6.0; Nexus 5 Build/MRA58N) AppleWebKit/537.36 (KHTML, like Gecko) Chrome/99.0.4844.84 Mobile Safari/537.36"
::1 - - [05/Apr/2022:18:06:45 +0000] "GET /api/bus/search?endLocation=624b62e41afea10cdcbafa0b&journeyDate=2022-04-08&startLocation=624b63081afea10cdcbafa10 HTTP/1.1" 200 567 "http://localhost:3000/" "Mozilla/5.0 (Linux; Android 6.0; Nexus 5 Build/MRA58N) AppleWebKit/537.36 (KHTML, like Gecko) Chrome/99.0.4844.84 Mobile Safari/537.36"
::1 - - [05/Apr/2022:18:06:45 +0000] "GET /uploads/busimage/resized/image-1649109276852.png HTTP/1.1" 200 68950 "http://localhost:3000/" "Mozilla/5.0 (Linux; Android 6.0; Nexus 5 Build/MRA58N) AppleWebKit/537.36 (KHTML, like Gecko) Chrome/99.0.4844.84 Mobile Safari/537.36"
::1 - - [05/Apr/2022:18:11:47 +0000] "GET /api/locations HTTP/1.1" 304 - "http://localhost:3000/" "Mozilla/5.0 (Windows NT 10.0; Win64; x64) AppleWebKit/537.36 (KHTML, like Gecko) Chrome/99.0.4844.84 Safari/537.36"
::1 - - [05/Apr/2022:18:11:57 +0000] "GET /api/bus/search?endLocation=624b62e41afea10cdcbafa0b&journeyDate=2022-04-09&startLocation=624b63081afea10cdcbafa10 HTTP/1.1" 200 517 "http://localhost:3000/" "Mozilla/5.0 (Windows NT 10.0; Win64; x64) AppleWebKit/537.36 (KHTML, like Gecko) Chrome/99.0.4844.84 Safari/537.36"
::1 - - [05/Apr/2022:18:11:57 +0000] "GET /uploads/busimage/resized/image-1649111727437.png HTTP/1.1" 200 102290 "http://localhost:3000/" "Mozilla/5.0 (Windows NT 10.0; Win64; x64) AppleWebKit/537.36 (KHTML, like Gecko) Chrome/99.0.4844.84 Safari/537.36"
::1 - - [05/Apr/2022:18:11:57 +0000] "GET /api/locations HTTP/1.1" 304 - "http://localhost:3000/" "Mozilla/5.0 (Windows NT 10.0; Win64; x64) AppleWebKit/537.36 (KHTML, like Gecko) Chrome/99.0.4844.84 Safari/537.36"
::1 - - [05/Apr/2022:18:11:57 +0000] "GET /api/travels HTTP/1.1" 304 - "http://localhost:3000/" "Mozilla/5.0 (Windows NT 10.0; Win64; x64) AppleWebKit/537.36 (KHTML, like Gecko) Chrome/99.0.4844.84 Safari/537.36"
::1 - - [05/Apr/2022:18:19:40 +0000] "OPTIONS /api/bus/all-bus-available HTTP/1.1" 204 0 "http://localhost:3006/" "Mozilla/5.0 (Windows NT 10.0; Win64; x64) AppleWebKit/537.36 (KHTML, like Gecko) Chrome/99.0.4844.84 Safari/537.36"
::1 - - [05/Apr/2022:18:19:40 +0000] "OPTIONS /api/bus/owner-bus-available HTTP/1.1" 204 0 "http://localhost:3006/" "Mozilla/5.0 (Windows NT 10.0; Win64; x64) AppleWebKit/537.36 (KHTML, like Gecko) Chrome/99.0.4844.84 Safari/537.36"
::1 - - [05/Apr/2022:18:19:40 +0000] "OPTIONS /api/owners HTTP/1.1" 204 0 "http://localhost:3006/" "Mozilla/5.0 (Windows NT 10.0; Win64; x64) AppleWebKit/537.36 (KHTML, like Gecko) Chrome/99.0.4844.84 Safari/537.36"
::1 - - [05/Apr/2022:18:19:40 +0000] "OPTIONS /api/bookings/my HTTP/1.1" 204 0 "http://localhost:3006/" "Mozilla/5.0 (Windows NT 10.0; Win64; x64) AppleWebKit/537.36 (KHTML, like Gecko) Chrome/99.0.4844.84 Safari/537.36"
::1 - - [05/Apr/2022:18:19:41 +0000] "GET /api/uploads/null HTTP/1.1" 404 155 "http://localhost:3006/" "Mozilla/5.0 (Windows NT 10.0; Win64; x64) AppleWebKit/537.36 (KHTML, like Gecko) Chrome/99.0.4844.84 Safari/537.36"
::1 - - [05/Apr/2022:18:19:42 +0000] "GET /api/owners HTTP/1.1" 304 - "http://localhost:3006/" "Mozilla/5.0 (Windows NT 10.0; Win64; x64) AppleWebKit/537.36 (KHTML, like Gecko) Chrome/99.0.4844.84 Safari/537.36"
::1 - - [05/Apr/2022:18:19:43 +0000] "OPTIONS /api/guests HTTP/1.1" 204 0 "http://localhost:3006/" "Mozilla/5.0 (Windows NT 10.0; Win64; x64) AppleWebKit/537.36 (KHTML, like Gecko) Chrome/99.0.4844.84 Safari/537.36"
::1 - - [05/Apr/2022:18:19:45 +0000] "GET /api/bus/all-bus-available HTTP/1.1" 200 1190 "http://localhost:3006/" "Mozilla/5.0 (Windows NT 10.0; Win64; x64) AppleWebKit/537.36 (KHTML, like Gecko) Chrome/99.0.4844.84 Safari/537.36"
::1 - - [05/Apr/2022:18:19:45 +0000] "OPTIONS /api/bus/all-bus-unavailable HTTP/1.1" 204 0 "http://localhost:3006/" "Mozilla/5.0 (Windows NT 10.0; Win64; x64) AppleWebKit/537.36 (KHTML, like Gecko) Chrome/99.0.4844.84 Safari/537.36"
::1 - - [05/Apr/2022:18:19:45 +0000] "GET /api/guests HTTP/1.1" 304 - "http://localhost:3006/" "Mozilla/5.0 (Windows NT 10.0; Win64; x64) AppleWebKit/537.36 (KHTML, like Gecko) Chrome/99.0.4844.84 Safari/537.36"
::1 - - [05/Apr/2022:18:19:45 +0000] "GET /api/bus/all-bus-unavailable HTTP/1.1" 304 - "http://localhost:3006/" "Mozilla/5.0 (Windows NT 10.0; Win64; x64) AppleWebKit/537.36 (KHTML, like Gecko) Chrome/99.0.4844.84 Safari/537.36"
::1 - - [05/Apr/2022:18:19:45 +0000] "GET /api/bookings/my HTTP/1.1" 304 - "http://localhost:3006/" "Mozilla/5.0 (Windows NT 10.0; Win64; x64) AppleWebKit/537.36 (KHTML, like Gecko) Chrome/99.0.4844.84 Safari/537.36"
::1 - - [05/Apr/2022:18:19:46 +0000] "OPTIONS /api/users HTTP/1.1" 204 0 "http://localhost:3006/" "Mozilla/5.0 (Windows NT 10.0; Win64; x64) AppleWebKit/537.36 (KHTML, like Gecko) Chrome/99.0.4844.84 Safari/537.36"
::1 - - [05/Apr/2022:18:19:46 +0000] "GET /api/bus/owner-bus-available HTTP/1.1" 304 - "http://localhost:3006/" "Mozilla/5.0 (Windows NT 10.0; Win64; x64) AppleWebKit/537.36 (KHTML, like Gecko) Chrome/99.0.4844.84 Safari/537.36"
::1 - - [05/Apr/2022:18:19:46 +0000] "GET /api/users HTTP/1.1" 304 - "http://localhost:3006/" "Mozilla/5.0 (Windows NT 10.0; Win64; x64) AppleWebKit/537.36 (KHTML, like Gecko) Chrome/99.0.4844.84 Safari/537.36"
::1 - - [05/Apr/2022:18:19:46 +0000] "OPTIONS /api/bus/owner-bus-unavailable HTTP/1.1" 204 0 "http://localhost:3006/" "Mozilla/5.0 (Windows NT 10.0; Win64; x64) AppleWebKit/537.36 (KHTML, like Gecko) Chrome/99.0.4844.84 Safari/537.36"
::1 - - [05/Apr/2022:18:19:47 +0000] "GET /api/bus/owner-bus-unavailable HTTP/1.1" 304 - "http://localhost:3006/" "Mozilla/5.0 (Windows NT 10.0; Win64; x64) AppleWebKit/537.36 (KHTML, like Gecko) Chrome/99.0.4844.84 Safari/537.36"
::1 - - [05/Apr/2022:18:19:52 +0000] "GET /api/uploads/null HTTP/1.1" 404 155 "http://localhost:3006/" "Mozilla/5.0 (Windows NT 10.0; Win64; x64) AppleWebKit/537.36 (KHTML, like Gecko) Chrome/99.0.4844.84 Safari/537.36"
::1 - - [05/Apr/2022:18:19:53 +0000] "OPTIONS /api/bus/owner-bus-available HTTP/1.1" 204 0 "http://localhost:3006/" "Mozilla/5.0 (Windows NT 10.0; Win64; x64) AppleWebKit/537.36 (KHTML, like Gecko) Chrome/99.0.4844.84 Safari/537.36"
::1 - - [05/Apr/2022:18:19:53 +0000] "GET /api/bus/owner-bus-available HTTP/1.1" 304 - "http://localhost:3006/" "Mozilla/5.0 (Windows NT 10.0; Win64; x64) AppleWebKit/537.36 (KHTML, like Gecko) Chrome/99.0.4844.84 Safari/537.36"
::1 - - [05/Apr/2022:18:19:54 +0000] "GET /api/uploads/busimage/resized/image-1649111727437.png HTTP/1.1" 404 191 "http://localhost:3006/" "Mozilla/5.0 (Windows NT 10.0; Win64; x64) AppleWebKit/537.36 (KHTML, like Gecko) Chrome/99.0.4844.84 Safari/537.36"
::1 - - [05/Apr/2022:18:19:56 +0000] "GET /api/uploads/null HTTP/1.1" 404 155 "http://localhost:3006/" "Mozilla/5.0 (Windows NT 10.0; Win64; x64) AppleWebKit/537.36 (KHTML, like Gecko) Chrome/99.0.4844.84 Safari/537.36"
::1 - - [05/Apr/2022:18:19:57 +0000] "OPTIONS /api/locations HTTP/1.1" 204 0 "http://localhost:3006/" "Mozilla/5.0 (Windows NT 10.0; Win64; x64) AppleWebKit/537.36 (KHTML, like Gecko) Chrome/99.0.4844.84 Safari/537.36"
